// Jest Snapshot v1, https://goo.gl/fbAQLP

exports[`<Button /> test props as children 1`] = `
<button
  className="button undefined"
  data-testid="button_ui"
>
  children
</button>
`;
